  Andy.TUI.Diagnostics -> /Users/samibengrine/Devel/rivoli-ai/andy-tui/src/Andy.TUI.Diagnostics/bin/Debug/net8.0/Andy.TUI.Diagnostics.dll
  Andy.TUI.VirtualDom -> /Users/samibengrine/Devel/rivoli-ai/andy-tui/src/Andy.TUI.VirtualDom/bin/Debug/net8.0/Andy.TUI.VirtualDom.dll
  Andy.TUI.Observable -> /Users/samibengrine/Devel/rivoli-ai/andy-tui/src/Andy.TUI.Observable/bin/Debug/net8.0/Andy.TUI.Observable.dll
  Andy.TUI.Layout -> /Users/samibengrine/Devel/rivoli-ai/andy-tui/src/Andy.TUI.Layout/bin/Debug/net8.0/Andy.TUI.Layout.dll
  Andy.TUI.Spatial -> /Users/samibengrine/Devel/rivoli-ai/andy-tui/src/Andy.TUI.Spatial/bin/Debug/net8.0/Andy.TUI.Spatial.dll
  Andy.TUI.Tests.Common -> /Users/samibengrine/Devel/rivoli-ai/andy-tui/tests/Andy.TUI.Tests.Common/bin/Debug/net8.0/Andy.TUI.Tests.Common.dll
  Andy.TUI.VirtualDom.Tests -> /Users/samibengrine/Devel/rivoli-ai/andy-tui/tests/Andy.TUI.VirtualDom.Tests/bin/Debug/net8.0/Andy.TUI.VirtualDom.Tests.dll
Test run for /Users/samibengrine/Devel/rivoli-ai/andy-tui/tests/Andy.TUI.Tests.Common/bin/Debug/net8.0/Andy.TUI.Tests.Common.dll (.NETCoreApp,Version=v8.0)
Test run for /Users/samibengrine/Devel/rivoli-ai/andy-tui/tests/Andy.TUI.VirtualDom.Tests/bin/Debug/net8.0/Andy.TUI.VirtualDom.Tests.dll (.NETCoreApp,Version=v8.0)
  Andy.TUI.Observable.Tests -> /Users/samibengrine/Devel/rivoli-ai/andy-tui/tests/Andy.TUI.Observable.Tests/bin/Debug/net8.0/Andy.TUI.Observable.Tests.dll
Test run for /Users/samibengrine/Devel/rivoli-ai/andy-tui/tests/Andy.TUI.Observable.Tests/bin/Debug/net8.0/Andy.TUI.Observable.Tests.dll (.NETCoreApp,Version=v8.0)
  Andy.TUI.Core -> /Users/samibengrine/Devel/rivoli-ai/andy-tui/src/Andy.TUI.Core/bin/Debug/net8.0/Andy.TUI.Core.dll
  Andy.TUI.Spatial.Tests -> /Users/samibengrine/Devel/rivoli-ai/andy-tui/tests/Andy.TUI.Spatial.Tests/bin/Debug/net8.0/Andy.TUI.Spatial.Tests.dll
  Andy.TUI.Layout.Tests -> /Users/samibengrine/Devel/rivoli-ai/andy-tui/tests/Andy.TUI.Layout.Tests/bin/Debug/net8.0/Andy.TUI.Layout.Tests.dll
Test run for /Users/samibengrine/Devel/rivoli-ai/andy-tui/tests/Andy.TUI.Spatial.Tests/bin/Debug/net8.0/Andy.TUI.Spatial.Tests.dll (.NETCoreApp,Version=v8.0)
Test run for /Users/samibengrine/Devel/rivoli-ai/andy-tui/tests/Andy.TUI.Layout.Tests/bin/Debug/net8.0/Andy.TUI.Layout.Tests.dll (.NETCoreApp,Version=v8.0)
  Andy.TUI.Terminal -> /Users/samibengrine/Devel/rivoli-ai/andy-tui/src/Andy.TUI.Terminal/bin/Debug/net8.0/Andy.TUI.Terminal.dll
  Andy.TUI.Core.Tests -> /Users/samibengrine/Devel/rivoli-ai/andy-tui/tests/Andy.TUI.Core.Tests/bin/Debug/net9.0/Andy.TUI.Core.Tests.dll
Test run for /Users/samibengrine/Devel/rivoli-ai/andy-tui/tests/Andy.TUI.Core.Tests/bin/Debug/net9.0/Andy.TUI.Core.Tests.dll (.NETCoreApp,Version=v9.0)
  Andy.TUI.Declarative -> /Users/samibengrine/Devel/rivoli-ai/andy-tui/src/Andy.TUI.Declarative/bin/Debug/net8.0/Andy.TUI.Declarative.dll
  Andy.TUI -> /Users/samibengrine/Devel/rivoli-ai/andy-tui/src/Andy.TUI/bin/Debug/net8.0/Andy.TUI.dll
  Andy.TUI.Tests -> /Users/samibengrine/Devel/rivoli-ai/andy-tui/tests/Andy.TUI.Tests/bin/Debug/net8.0/Andy.TUI.Tests.dll
Test run for /Users/samibengrine/Devel/rivoli-ai/andy-tui/tests/Andy.TUI.Tests/bin/Debug/net8.0/Andy.TUI.Tests.dll (.NETCoreApp,Version=v8.0)
VSTest version 17.14.0 (x64)

VSTest version 17.14.0 (x64)

Starting test execution, please wait...
A total of 1 test files matched the specified pattern.
Starting test execution, please wait...
A total of 1 test files matched the specified pattern.
VSTest version 17.14.0 (x64)

Starting test execution, please wait...
A total of 1 test files matched the specified pattern.
VSTest version 17.14.0 (x64)

VSTest version 17.14.0 (x64)

Starting test execution, please wait...
Starting test execution, please wait...
A total of 1 test files matched the specified pattern.
A total of 1 test files matched the specified pattern.
VSTest version 17.14.0 (x64)

Starting test execution, please wait...
A total of 1 test files matched the specified pattern.
VSTest version 17.14.0 (x64)

Starting test execution, please wait...
A total of 1 test files matched the specified pattern.
Testhost process for source(s) '/Users/samibengrine/Devel/rivoli-ai/andy-tui/tests/Andy.TUI.Tests.Common/bin/Debug/net8.0/Andy.TUI.Tests.Common.dll' exited with error: Error:
  An assembly specified in the application dependencies manifest (Andy.TUI.Tests.Common.deps.json) was not found:
    package: 'xunit.assert', version: '2.9.2'
    path: 'lib/net6.0/xunit.assert.dll'
. Please check the diagnostic logs for more information.

Test Run Aborted.

Passed!  - Failed:     0, Passed:   138, Skipped:     0, Total:   138, Duration: 54 ms - Andy.TUI.VirtualDom.Tests.dll (net8.0)

Passed!  - Failed:     0, Passed:    68, Skipped:     0, Total:    68, Duration: 60 ms - Andy.TUI.Observable.Tests.dll (net8.0)
  Andy.TUI.Terminal.Tests -> /Users/samibengrine/Devel/rivoli-ai/andy-tui/tests/Andy.TUI.Terminal.Tests/bin/Debug/net8.0/Andy.TUI.Terminal.Tests.dll
  Andy.TUI.Diagnostics.Tests -> /Users/samibengrine/Devel/rivoli-ai/andy-tui/tests/Andy.TUI.Diagnostics.Tests/bin/Debug/net8.0/Andy.TUI.Diagnostics.Tests.dll
Test run for /Users/samibengrine/Devel/rivoli-ai/andy-tui/tests/Andy.TUI.Terminal.Tests/bin/Debug/net8.0/Andy.TUI.Terminal.Tests.dll (.NETCoreApp,Version=v8.0)
Test run for /Users/samibengrine/Devel/rivoli-ai/andy-tui/tests/Andy.TUI.Diagnostics.Tests/bin/Debug/net8.0/Andy.TUI.Diagnostics.Tests.dll (.NETCoreApp,Version=v8.0)
  Andy.TUI.Declarative.Tests -> /Users/samibengrine/Devel/rivoli-ai/andy-tui/tests/Andy.TUI.Declarative.Tests/bin/Debug/net8.0/Andy.TUI.Declarative.Tests.dll

Passed!  - Failed:     0, Passed:    65, Skipped:     0, Total:    65, Duration: 70 ms - Andy.TUI.Layout.Tests.dll (net8.0)
Test run for /Users/samibengrine/Devel/rivoli-ai/andy-tui/tests/Andy.TUI.Declarative.Tests/bin/Debug/net8.0/Andy.TUI.Declarative.Tests.dll (.NETCoreApp,Version=v8.0)

Passed!  - Failed:     0, Passed:   131, Skipped:     0, Total:   131, Duration: 55 ms - Andy.TUI.Spatial.Tests.dll (net8.0)

Passed!  - Failed:     0, Passed:    31, Skipped:     0, Total:    31, Duration: 55 ms - Andy.TUI.Core.Tests.dll (net9.0)
No test is available in /Users/samibengrine/Devel/rivoli-ai/andy-tui/tests/Andy.TUI.Tests/bin/Debug/net8.0/Andy.TUI.Tests.dll. Make sure that test discoverer & executors are registered and platform & framework version settings are appropriate and try again.

VSTest version 17.14.0 (x64)

VSTest version 17.14.0 (x64)

Starting test execution, please wait...
Starting test execution, please wait...
VSTest version 17.14.0 (x64)

A total of 1 test files matched the specified pattern.
A total of 1 test files matched the specified pattern.
Starting test execution, please wait...
A total of 1 test files matched the specified pattern.
[xUnit.net 00:00:00.28]     Andy.TUI.Terminal.Tests.Integration.InputExampleIntegrationTests.InputExample_CompleteForm_ShouldRenderAllComponents [SKIP]
  Skipped Andy.TUI.Terminal.Tests.Integration.InputExampleIntegrationTests.InputExample_CompleteForm_ShouldRenderAllComponents [1 ms]
[xUnit.net 00:00:00.29]     Andy.TUI.Terminal.Tests.Integration.InputExampleIntegrationTests.InputExample_Layout_ShouldPositionElementsCorrectly [SKIP]
  Skipped Andy.TUI.Terminal.Tests.Integration.InputExampleIntegrationTests.InputExample_Layout_ShouldPositionElementsCorrectly [1 ms]
[xUnit.net 00:00:00.30]     Andy.TUI.Declarative.Tests.Integration.InputRenderingRegressionTest.VirtualDomRenderer_Should_Handle_Patch_Paths_With_Root_Prefix [SKIP]
  Skipped Andy.TUI.Declarative.Tests.Integration.InputRenderingRegressionTest.VirtualDomRenderer_Should_Handle_Patch_Paths_With_Root_Prefix [1 ms]
[xUnit.net 00:00:00.34]     Andy.TUI.Declarative.Tests.IntegrationTests.InputExample_RenderingProducesValidDOM [FAIL]
[xUnit.net 00:00:00.34]     Andy.TUI.Declarative.Tests.Rendering.DropdownBehaviorTests.Navigation_ShouldClampAtBounds [FAIL]
  Failed Andy.TUI.Declarative.Tests.IntegrationTests.InputExample_RenderingProducesValidDOM [8 ms]
  Error Message:
   Assert.Contains() Failure: Sub-string not found
String:    "[Enter your name...  ] [Enter password..."···
Not found: "🚀 Andy.TUI Input Components Demo"
  Stack Trace:
     at Andy.TUI.Declarative.Tests.IntegrationTests.InputExample_RenderingProducesValidDOM() in /Users/samibengrine/Devel/rivoli-ai/andy-tui/tests/Andy.TUI.Declarative.Tests/IntegrationTests.cs:line 136
   at System.RuntimeMethodHandle.InvokeMethod(Object target, Void** arguments, Signature sig, Boolean isConstructor)
   at System.Reflection.MethodBaseInvoker.InvokeWithNoArgs(Object obj, BindingFlags invokeAttr)
  Failed Andy.TUI.Declarative.Tests.Rendering.DropdownBehaviorTests.Navigation_ShouldClampAtBounds [1 ms]
  Error Message:
   Assert.Contains() Failure: Sub-string not found
String:    "                                         "···
Not found: "  A"
  Stack Trace:
     at Andy.TUI.Declarative.Tests.Rendering.DropdownBehaviorTests.Navigation_ShouldClampAtBounds() in /Users/samibengrine/Devel/rivoli-ai/andy-tui/tests/Andy.TUI.Declarative.Tests/Rendering/DropdownBehaviorTests.cs:line 152
   at System.RuntimeMethodHandle.InvokeMethod(Object target, Void** arguments, Signature sig, Boolean isConstructor)
   at System.Reflection.MethodBaseInvoker.InvokeWithNoArgs(Object obj, BindingFlags invokeAttr)
[xUnit.net 00:00:00.34]     Andy.TUI.Declarative.Tests.Rendering.DropdownBehaviorTests.Escape_OnOpen_ShouldCloseMenu_KeepSelection [FAIL]
[xUnit.net 00:00:00.34]     Andy.TUI.Declarative.Tests.Rendering.DropdownBehaviorTests.Open_Move_Dropdown_ShouldShowAllItems_NotJustTwo [FAIL]
  Failed Andy.TUI.Declarative.Tests.Rendering.DropdownBehaviorTests.Escape_OnOpen_ShouldCloseMenu_KeepSelection [1 ms]
  Error Message:
   Assert.Contains() Failure: Sub-string not found
String:    "                                         "···
Not found: "▶ Select a country..."
  Stack Trace:
     at Andy.TUI.Declarative.Tests.Rendering.DropdownBehaviorTests.Escape_OnOpen_ShouldCloseMenu_KeepSelection() in /Users/samibengrine/Devel/rivoli-ai/andy-tui/tests/Andy.TUI.Declarative.Tests/Rendering/DropdownBehaviorTests.cs:line 133
   at System.RuntimeMethodHandle.InvokeMethod(Object target, Void** arguments, Signature sig, Boolean isConstructor)
   at System.Reflection.MethodBaseInvoker.InvokeWithNoArgs(Object obj, BindingFlags invokeAttr)
  Failed Andy.TUI.Declarative.Tests.Rendering.DropdownBehaviorTests.Open_Move_Dropdown_ShouldShowAllItems_NotJustTwo [1 ms]
  Error Message:
   Assert.Contains() Failure: Sub-string not found
String:    "                                         "···
Not found: "United States"
  Stack Trace:
     at Andy.TUI.Declarative.Tests.Rendering.DropdownBehaviorTests.Open_Move_Dropdown_ShouldShowAllItems_NotJustTwo() in /Users/samibengrine/Devel/rivoli-ai/andy-tui/tests/Andy.TUI.Declarative.Tests/Rendering/DropdownBehaviorTests.cs:line 263
   at System.RuntimeMethodHandle.InvokeMethod(Object target, Void** arguments, Signature sig, Boolean isConstructor)
   at System.Reflection.MethodBaseInvoker.InvokeWithNoArgs(Object obj, BindingFlags invokeAttr)

Passed!  - Failed:     0, Passed:     8, Skipped:     0, Total:     8, Duration: 163 ms - Andy.TUI.Diagnostics.Tests.dll (net8.0)
[xUnit.net 00:00:00.39]     Andy.TUI.Declarative.Tests.Integration.ComponentPositioningTest.NestedContainers_ShouldCalculatePositions_Correctly [FAIL]
[xUnit.net 00:00:00.50]     Andy.TUI.Declarative.Tests.Integration.ClippingDebugTest.Clipping_ShouldPreventRenderingOutsideBounds [FAIL]
  Failed Andy.TUI.Declarative.Tests.Integration.ComponentPositioningTest.NestedContainers_ShouldCalculatePositions_Correctly [169 ms]
  Error Message:
   Assert.Contains() Failure: Sub-string not found
String:    "Box Line 1"
Not found: "Header"
  Stack Trace:
     at Andy.TUI.Declarative.Tests.Integration.ComponentPositioningTest.NestedContainers_ShouldCalculatePositions_Correctly() in /Users/samibengrine/Devel/rivoli-ai/andy-tui/tests/Andy.TUI.Declarative.Tests/Integration/ComponentPositioningTest.cs:line 148
   at System.RuntimeMethodHandle.InvokeMethod(Object target, Void** arguments, Signature sig, Boolean isConstructor)
   at System.Reflection.MethodBaseInvoker.InvokeWithNoArgs(Object obj, BindingFlags invokeAttr)
  Standard Output Messages:
 Nested containers output:
 Line 0: |Box Line 1|
 Line 1: |Box Line 2|
 Line 2: ||
 Line 3: ||
 Line 4: ||
 Line 5: ||
 Line 6: ||
 Line 7: ||
 Line 8: |Footer|
 Line 9: ||


  Failed Andy.TUI.Declarative.Tests.Integration.ClippingDebugTest.Clipping_ShouldPreventRenderingOutsideBounds [104 ms]
  Error Message:
   Assert.DoesNotContain() Failure: Sub-string found
              ↓ (pos 5)
String: "     Outside"
Found:  "Outside"
  Stack Trace:
     at Andy.TUI.Declarative.Tests.Integration.ClippingDebugTest.Clipping_ShouldPreventRenderingOutsideBounds() in /Users/samibengrine/Devel/rivoli-ai/andy-tui/tests/Andy.TUI.Declarative.Tests/Integration/ClippingDebugTest.cs:line 173
   at System.RuntimeMethodHandle.InvokeMethod(Object target, Void** arguments, Signature sig, Boolean isConstructor)
   at System.Reflection.MethodBaseInvoker.InvokeWithNoArgs(Object obj, BindingFlags invokeAttr)
  Standard Output Messages:
 Clipping bounds test:
 Line 4: ||
 Line 5: |     Inside|
 Line 6: ||
 Line 7: ||
 Line 8: |     Outside|
 Line 9: ||


[xUnit.net 00:00:00.50]     Andy.TUI.Declarative.Tests.Integration.ComponentPositioningTest.VStack_WithSpacing_ShouldAddGaps [FAIL]
[xUnit.net 00:00:00.51]     Andy.TUI.Declarative.Tests.Integration.TabNavigationDebugTest.TabNavigation_ShouldMoveFocusBetweenComponents [FAIL]
[xUnit.net 00:00:00.57]     Andy.TUI.Declarative.Tests.Integration.TabNavigationDebugTestWithLogging.TabNavigation_ShouldMoveFocusBetweenComponents_WithLogging [FAIL]
[xUnit.net 00:00:00.68]     Andy.TUI.Declarative.Tests.Integration.TabNavigationTest.FirstTab_ShouldFocusFirstField_NotSecond [FAIL]
  Failed Andy.TUI.Declarative.Tests.Integration.ComponentPositioningTest.VStack_WithSpacing_ShouldAddGaps [104 ms]
  Error Message:
   Assert.Equal() Failure: Strings differ
           ↓ (pos 0)
Expected: "Line 3"
Actual:   ""
  Stack Trace:
     at Andy.TUI.Declarative.Tests.Integration.ComponentPositioningTest.VStack_WithSpacing_ShouldAddGaps() in /Users/samibengrine/Devel/rivoli-ai/andy-tui/tests/Andy.TUI.Declarative.Tests/Integration/ComponentPositioningTest.cs:line 105
   at System.RuntimeMethodHandle.InvokeMethod(Object target, Void** arguments, Signature sig, Boolean isConstructor)
   at System.Reflection.MethodBaseInvoker.InvokeWithNoArgs(Object obj, BindingFlags invokeAttr)
  Standard Output Messages:
 VStack with spacing output:
 Line 0: |Line 1|
 Line 1: ||
 Line 2: ||
 Line 3: |Line 2|
 Line 4: ||
 Line 5: ||
 Line 6: ||
 Line 7: ||


  Failed Andy.TUI.Declarative.Tests.Integration.TabNavigationDebugTest.TabNavigation_ShouldMoveFocusBetweenComponents [279 ms]
  Error Message:
   Assert.Equal() Failure: Strings differ
           ↓ (pos 0)
Expected: "A"
Actual:   ""
  Stack Trace:
     at Andy.TUI.Declarative.Tests.Integration.TabNavigationDebugTest.TabNavigation_ShouldMoveFocusBetweenComponents() in /Users/samibengrine/Devel/rivoli-ai/andy-tui/tests/Andy.TUI.Declarative.Tests/Integration/TabNavigationDebugTest.cs:line 70
   at System.RuntimeMethodHandle.InvokeMethod(Object target, Void** arguments, Signature sig, Boolean isConstructor)
   at System.Reflection.MethodBaseInvoker.InvokeWithNoArgs(Object obj, BindingFlags invokeAttr)
  Standard Output Messages:
 Pressing first TAB
 Pressing second TAB
 Typing 'A' into password field
 Name: '', Pass: ''


  Failed Andy.TUI.Declarative.Tests.Integration.TabNavigationDebugTestWithLogging.TabNavigation_ShouldMoveFocusBetweenComponents_WithLogging [280 ms]
  Error Message:
   Assert.Equal() Failure: Strings differ
           ↓ (pos 0)
Expected: "A"
Actual:   ""
  Stack Trace:
     at Andy.TUI.Declarative.Tests.Integration.TabNavigationDebugTestWithLogging.TabNavigation_ShouldMoveFocusBetweenComponents_WithLogging() in /Users/samibengrine/Devel/rivoli-ai/andy-tui/tests/Andy.TUI.Declarative.Tests/Integration/TabNavigationDebugTestWithLogging.cs:line 129
   at System.RuntimeMethodHandle.InvokeMethod(Object target, Void** arguments, Signature sig, Boolean isConstructor)
   at System.Reflection.MethodBaseInvoker.InvokeWithNoArgs(Object obj, BindingFlags invokeAttr)
  Standard Output Messages:
 >>> BEGIN SCENARIO: Tab Navigation Between Components
 STEP: Setting up terminal and rendering system
 STEP: Initializing rendering system
 STEP: Starting renderer thread
 STEP: Waiting for initial render
 DATA: Initial name value = 
 DATA: Initial pass value = 
 STEP: Checking focus manager state before first TAB
 STEP: Pressing first TAB to focus name field
 STEP: Pressing second TAB to focus password field
 STEP: Typing 'A' into password field
 STEP: Checking final state
 DATA: Final name value = 
 DATA: Final pass value = 
 ASSERT: Thread should still be alive
 ASSERT: Name should be empty
 ASSERT: Password should be 'A'
 <<< END SCENARIO: Tab Navigation Between Components (Duration: 278.96ms)


  Failed Andy.TUI.Declarative.Tests.Integration.TabNavigationTest.FirstTab_ShouldFocusFirstField_NotSecond [403 ms]
  Error Message:
   Assert.Equal() Failure: Strings differ
           ↓ (pos 0)
Expected: "1"
Actual:   ""
  Stack Trace:
     at Andy.TUI.Declarative.Tests.Integration.TabNavigationTest.FirstTab_ShouldFocusFirstField_NotSecond() in /Users/samibengrine/Devel/rivoli-ai/andy-tui/tests/Andy.TUI.Declarative.Tests/Integration/TabNavigationTest.cs:line 61
   at System.RuntimeMethodHandle.InvokeMethod(Object target, Void** arguments, Signature sig, Boolean isConstructor)
   at System.Reflection.MethodBaseInvoker.InvokeWithNoArgs(Object obj, BindingFlags invokeAttr)
[xUnit.net 00:00:00.72]     Andy.TUI.Declarative.Tests.Integration.TwoTextFieldsInputTest.TwoTextFields_ShiftTabNavigation_ShouldMoveBackwards [FAIL]
[xUnit.net 00:00:00.75]     Andy.TUI.Declarative.Tests.Integration.WorkingTwoFieldsTest.TwoTextFields_BackspaceWorks [FAIL]
[xUnit.net 00:00:00.80]     Andy.TUI.Declarative.Tests.Rendering.DropdownVisualTests.Dropdown_Example1_VisualUpdatesOnArrowNavigation [FAIL]
  Failed Andy.TUI.Declarative.Tests.Integration.TwoTextFieldsInputTest.TwoTextFields_ShiftTabNavigation_ShouldMoveBackwards [487 ms]
  Error Message:
   Assert.Equal() Failure: Strings differ
           ↓ (pos 0)
Expected: "1"
Actual:   "2"
           ↑ (pos 0)
  Stack Trace:
     at Andy.TUI.Declarative.Tests.Integration.TwoTextFieldsInputTest.TwoTextFields_ShiftTabNavigation_ShouldMoveBackwards() in /Users/samibengrine/Devel/rivoli-ai/andy-tui/tests/Andy.TUI.Declarative.Tests/Integration/TwoTextFieldsInputTest.cs:line 279
   at System.RuntimeMethodHandle.InvokeMethod(Object target, Void** arguments, Signature sig, Boolean isConstructor)
   at System.Reflection.MethodBaseInvoker.InvokeWithNoArgs(Object obj, BindingFlags invokeAttr)
  Standard Output Messages:
 === TAB to first field ===
 === TAB to second field ===
 === Type '2' in second field ===
 === Shift+TAB back to first field ===
 === Type '1' in first field ===
 Field 1: '2'
 Field 2: '1'


  Failed Andy.TUI.Declarative.Tests.Integration.WorkingTwoFieldsTest.TwoTextFields_BackspaceWorks [473 ms]
  Error Message:
   Assert.Equal() Failure: Strings differ
           ↓ (pos 0)
Expected: "test"
Actual:   "ok"
           ↑ (pos 0)
  Stack Trace:
     at Andy.TUI.Declarative.Tests.Integration.WorkingTwoFieldsTest.TwoTextFields_BackspaceWorks() in /Users/samibengrine/Devel/rivoli-ai/andy-tui/tests/Andy.TUI.Declarative.Tests/Integration/WorkingTwoFieldsTest.cs:line 183
   at System.RuntimeMethodHandle.InvokeMethod(Object target, Void** arguments, Signature sig, Boolean isConstructor)
   at System.Reflection.MethodBaseInvoker.InvokeWithNoArgs(Object obj, BindingFlags invokeAttr)
  Standard Output Messages:
 Focus field1 with TAB
 Type 'testt' with extra 't'
 Before backspace: field1=''
 Press backspace
 After backspace: field1=''
 TAB to field2
 Type 'ok'
 Final: field1='ok', field2='test'


  Failed Andy.TUI.Declarative.Tests.Rendering.DropdownVisualTests.Dropdown_Example1_VisualUpdatesOnArrowNavigation [575 ms]
  Error Message:
   Trigger line should reflect highlighted item after first Down
  Stack Trace:
     at Andy.TUI.Declarative.Tests.Rendering.DropdownVisualTests.Dropdown_Example1_VisualUpdatesOnArrowNavigation() in /Users/samibengrine/Devel/rivoli-ai/andy-tui/tests/Andy.TUI.Declarative.Tests/Rendering/DropdownVisualTests.cs:line 125
   at System.RuntimeMethodHandle.InvokeMethod(Object target, Void** arguments, Signature sig, Boolean isConstructor)
   at System.Reflection.MethodBaseInvoker.InvokeWithNoArgs(Object obj, BindingFlags invokeAttr)
[xUnit.net 00:00:00.84]     Andy.TUI.Declarative.Tests.Rendering.DropdownBehaviorTests.MovingHighlight_ShouldUpdateTriggerWhileOpen [FAIL]
[xUnit.net 00:00:00.92]     Andy.TUI.Declarative.Tests.Integration.SimpleTwoFieldsTest.TwoFields_DirectTyping_VerifyContent [FAIL]
[xUnit.net 00:00:00.92]     Andy.TUI.Declarative.Tests.Integration.TextInputRenderingTest.MultipleTextFields_ShouldMaintainSeparateValues [FAIL]
  Failed Andy.TUI.Declarative.Tests.Rendering.DropdownBehaviorTests.MovingHighlight_ShouldUpdateTriggerWhileOpen [511 ms]
  Error Message:
   Assert.True() Failure
Expected: True
Actual:   False
  Stack Trace:
     at Andy.TUI.Declarative.Tests.Rendering.DropdownBehaviorTests.MovingHighlight_ShouldUpdateTriggerWhileOpen() in /Users/samibengrine/Devel/rivoli-ai/andy-tui/tests/Andy.TUI.Declarative.Tests/Rendering/DropdownBehaviorTests.cs:line 242
   at System.RuntimeMethodHandle.InvokeMethod(Object target, Void** arguments, Signature sig, Boolean isConstructor)
   at System.Reflection.MethodBaseInvoker.InvokeWithNoArgs(Object obj, BindingFlags invokeAttr)
  Failed Andy.TUI.Declarative.Tests.Integration.SimpleTwoFieldsTest.TwoFields_DirectTyping_VerifyContent [688 ms]
  Error Message:
   Assert.Contains() Failure: Sub-string not found
String:    "Bob"
Not found: "@"
  Stack Trace:
     at Andy.TUI.Declarative.Tests.Integration.SimpleTwoFieldsTest.TwoFields_DirectTyping_VerifyContent() in /Users/samibengrine/Devel/rivoli-ai/andy-tui/tests/Andy.TUI.Declarative.Tests/Integration/SimpleTwoFieldsTest.cs:line 166
   at System.RuntimeMethodHandle.InvokeMethod(Object target, Void** arguments, Signature sig, Boolean isConstructor)
   at System.Reflection.MethodBaseInvoker.InvokeWithNoArgs(Object obj, BindingFlags invokeAttr)
  Standard Output Messages:
 === Focus name field ===
 === Type 'Bob' ===
 Name after typing: ''
 === TAB to email field ===
 === Type 'bob@' ===
 Final - Name: 'bob@', Email: 'Bob'


  Failed Andy.TUI.Declarative.Tests.Integration.TextInputRenderingTest.MultipleTextFields_ShouldMaintainSeparateValues [694 ms]
  Error Message:
   Assert.Equal() Failure: Strings differ
           ↓ (pos 0)
Expected: "johndoe"
Actual:   "555"
           ↑ (pos 0)
  Stack Trace:
     at Andy.TUI.Declarative.Tests.Integration.TextInputRenderingTest.MultipleTextFields_ShouldMaintainSeparateValues() in /Users/samibengrine/Devel/rivoli-ai/andy-tui/tests/Andy.TUI.Declarative.Tests/Integration/TextInputRenderingTest.cs:line 252
   at System.RuntimeMethodHandle.InvokeMethod(Object target, Void** arguments, Signature sig, Boolean isConstructor)
   at System.Reflection.MethodBaseInvoker.InvokeWithNoArgs(Object obj, BindingFlags invokeAttr)
[xUnit.net 00:00:01.00]     Andy.TUI.Declarative.Tests.Integration.DiagnosticTestRunner.Diagnose_FocusManager_TabNavigation [FAIL]
[xUnit.net 00:00:01.07]     Andy.TUI.Declarative.Tests.Integration.FocusDebugTest.FocusManager_ShouldHaveFocusableComponents [FAIL]
[xUnit.net 00:00:01.09]     Andy.TUI.Declarative.Tests.Integration.TabNavigationDiagnosticTest.DiagnoseTabNavigation [FAIL]
[xUnit.net 00:00:01.18]     Andy.TUI.Declarative.Tests.Integration.TabNavigationTest.TabWithMixedComponents_ShouldSkipNonFocusable [FAIL]
[xUnit.net 00:00:01.33]     Andy.TUI.Declarative.Tests.Integration.SimpleTwoFieldsTest.TwoFields_SimpleInput_VerifyFieldOrder [FAIL]
  Failed Andy.TUI.Declarative.Tests.Integration.DiagnosticTestRunner.Diagnose_FocusManager_TabNavigation [308 ms]
  Error Message:
   Assert.Equal() Failure: Strings differ
           ↓ (pos 0)
Expected: "A"
Actual:   "B"
           ↑ (pos 0)
  Stack Trace:
     at Andy.TUI.Declarative.Tests.Integration.DiagnosticTestRunner.Diagnose_FocusManager_TabNavigation() in /Users/samibengrine/Devel/rivoli-ai/andy-tui/tests/Andy.TUI.Declarative.Tests/Integration/DiagnosticTestRunner.cs:line 160
   at System.RuntimeMethodHandle.InvokeMethod(Object target, Void** arguments, Signature sig, Boolean isConstructor)
   at System.Reflection.MethodBaseInvoker.InvokeWithNoArgs(Object obj, BindingFlags invokeAttr)
  Standard Output Messages:
 >>> BEGIN SCENARIO: Focus Manager Tab Navigation
 STEP: Setting up multi-field form
 STEP: TAB to first field
 STEP: Type 'A' in first field
 DATA: Field1 after 'A' = 
 DATA: Field2 after 'A' = A
 STEP: TAB to second field
 STEP: Type 'B' in second field
 DATA: Field1 after 'B' = B
 DATA: Field2 after 'B' = A
 ASSERT: Field1 should contain 'A'
 <<< END SCENARIO: Focus Manager Tab Navigation (Duration: 307.53ms)


  Failed Andy.TUI.Declarative.Tests.Integration.FocusDebugTest.FocusManager_ShouldHaveFocusableComponents [839 ms]
  Error Message:
   Assert.Equal() Failure: Strings differ
           ↓ (pos 0)
Expected: "N"
Actual:   ""
  Stack Trace:
     at Andy.TUI.Declarative.Tests.Integration.FocusDebugTest.FocusManager_ShouldHaveFocusableComponents() in /Users/samibengrine/Devel/rivoli-ai/andy-tui/tests/Andy.TUI.Declarative.Tests/Integration/FocusDebugTest.cs:line 85
   at System.RuntimeMethodHandle.InvokeMethod(Object target, Void** arguments, Signature sig, Boolean isConstructor)
   at System.Reflection.MethodBaseInvoker.InvokeWithNoArgs(Object obj, BindingFlags invokeAttr)
  Standard Output Messages:
 === Pressing first TAB ===
 === Typing 'N' in first field ===
 Pass changed to: N
 After typing N - Name: '', Pass: 'N'
 === Pressing second TAB ===
 === Typing 'P' in second field ===
 After typing P - Name: '', Pass: 'N'
 === Pressing third TAB ===
 === Pressing Enter on button ===
 === Final state ===
 Name: '', Pass: 'N'


  Failed Andy.TUI.Declarative.Tests.Integration.TabNavigationDiagnosticTest.DiagnoseTabNavigation [814 ms]
  Error Message:
   DIAGNOSIS: TAB appears to be working - input distributed across fields
Name: '03'
Pass: '14'
Button: ''
  Stack Trace:
     at Andy.TUI.Declarative.Tests.Integration.TabNavigationDiagnosticTest.DiagnoseTabNavigation() in /Users/samibengrine/Devel/rivoli-ai/andy-tui/tests/Andy.TUI.Declarative.Tests/Integration/TabNavigationDiagnosticTest.cs:line 112
   at System.RuntimeMethodHandle.InvokeMethod(Object target, Void** arguments, Signature sig, Boolean isConstructor)
   at System.Reflection.MethodBaseInvoker.InvokeWithNoArgs(Object obj, BindingFlags invokeAttr)
  Standard Output Messages:
 === Typing '0' without TAB ===
 Name: '0', Pass: '', Button: ''
 === TAB once, then type '1' ===
 Name: '0', Pass: '1', Button: ''
 === TAB again, then type '2' ===
 Name: '0', Pass: '1', Button: ''
 === TAB again, then type '3' and Enter ===
 Name: '03', Pass: '1', Button: ''
 === TAB again (should cycle), then type '4' ===
 Name: '03', Pass: '14', Button: ''
 === Final state ===
 Name: '03', Pass: '14', Button: ''


  Failed Andy.TUI.Declarative.Tests.Integration.TabNavigationTest.TabWithMixedComponents_ShouldSkipNonFocusable [506 ms]
  Error Message:
   Assert.Equal() Failure: Strings differ
           ↓ (pos 0)
Expected: "1"
Actual:   ""
  Stack Trace:
     at Andy.TUI.Declarative.Tests.Integration.TabNavigationTest.TabWithMixedComponents_ShouldSkipNonFocusable() in /Users/samibengrine/Devel/rivoli-ai/andy-tui/tests/Andy.TUI.Declarative.Tests/Integration/TabNavigationTest.cs:line 253
   at System.RuntimeMethodHandle.InvokeMethod(Object target, Void** arguments, Signature sig, Boolean isConstructor)
   at System.Reflection.MethodBaseInvoker.InvokeWithNoArgs(Object obj, BindingFlags invokeAttr)
  Failed Andy.TUI.Declarative.Tests.Integration.SimpleTwoFieldsTest.TwoFields_SimpleInput_VerifyFieldOrder [418 ms]
  Error Message:
   Assert.Equal() Failure: Strings differ
           ↓ (pos 0)
Expected: "1"
Actual:   "2"
           ↑ (pos 0)
  Stack Trace:
     at Andy.TUI.Declarative.Tests.Integration.SimpleTwoFieldsTest.TwoFields_SimpleInput_VerifyFieldOrder() in /Users/samibengrine/Devel/rivoli-ai/andy-tui/tests/Andy.TUI.Declarative.Tests/Integration/SimpleTwoFieldsTest.cs:line 84
   at System.RuntimeMethodHandle.InvokeMethod(Object target, Void** arguments, Signature sig, Boolean isConstructor)
   at System.Reflection.MethodBaseInvoker.InvokeWithNoArgs(Object obj, BindingFlags invokeAttr)
  Standard Output Messages:
 === TAB once ===
 === Type '1' ===
 After first input: field1='', field2='1'
 === TAB again ===
 === Type '2' ===
 After second input: field1='2', field2='1'


[xUnit.net 00:00:01.49]     Andy.TUI.Declarative.Tests.Integration.TwoTextFieldsInputTest.TwoTextFields_TypeAndTab_ShouldDisplayCorrectText [FAIL]
[xUnit.net 00:00:01.52]     Andy.TUI.Declarative.Tests.Integration.WorkingTwoFieldsTest.TwoTextFields_InputIsDisplayedCorrectly [FAIL]
[xUnit.net 00:00:01.81]     Andy.TUI.Declarative.Tests.Integration.TabNavigationTest.TabNavigation_ShouldCycleThrough_AllFields [FAIL]
  Failed Andy.TUI.Declarative.Tests.Integration.TwoTextFieldsInputTest.TwoTextFields_TypeAndTab_ShouldDisplayCorrectText [770 ms]
  Error Message:
   Assert.Equal() Failure: Strings differ
           ↓ (pos 0)
Expected: "John"
Actual:   "Doe"
           ↑ (pos 0)
  Stack Trace:
     at Andy.TUI.Declarative.Tests.Integration.TwoTextFieldsInputTest.TwoTextFields_TypeAndTab_ShouldDisplayCorrectText() in /Users/samibengrine/Devel/rivoli-ai/andy-tui/tests/Andy.TUI.Declarative.Tests/Integration/TwoTextFieldsInputTest.cs:line 107
   at System.RuntimeMethodHandle.InvokeMethod(Object target, Void** arguments, Signature sig, Boolean isConstructor)
   at System.Reflection.MethodBaseInvoker.InvokeWithNoArgs(Object obj, BindingFlags invokeAttr)
  Standard Output Messages:
 === Test Step 1: Focus first field with TAB (multiple times to ensure correct position) ===
 === Test Step 2: Type 'John' in first field ===
 First name after typing: ''
 Last name after typing: 'John'
 === Test Step 3: TAB to second field ===
 === Test Step 4: Type 'Doe' in second field ===
 First name after second field: 'Doe'
 Last name after second field: 'John'


  Failed Andy.TUI.Declarative.Tests.Integration.WorkingTwoFieldsTest.TwoTextFields_InputIsDisplayedCorrectly [768 ms]
  Error Message:
   Assert.Equal() Failure: Strings differ
           ↓ (pos 0)
Expected: "John"
Actual:   "Smith"
           ↑ (pos 0)
  Stack Trace:
     at Andy.TUI.Declarative.Tests.Integration.WorkingTwoFieldsTest.TwoTextFields_InputIsDisplayedCorrectly() in /Users/samibengrine/Devel/rivoli-ai/andy-tui/tests/Andy.TUI.Declarative.Tests/Integration/WorkingTwoFieldsTest.cs:line 108
   at System.RuntimeMethodHandle.InvokeMethod(Object target, Void** arguments, Signature sig, Boolean isConstructor)
   at System.Reflection.MethodBaseInvoker.InvokeWithNoArgs(Object obj, BindingFlags invokeAttr)
  Standard Output Messages:
 === Test keyboard input in two text fields ===
 Step 1: TAB to focus firstName field
 Step 2: Type 'John' in firstName field
 After typing first name: firstName='', lastName='John'
 Step 3: TAB to lastName field
 Step 4: Type 'Smith' in lastName field
 Final result: firstName='Smith', lastName='John'


  Failed Andy.TUI.Declarative.Tests.Integration.TabNavigationTest.TabNavigation_ShouldCycleThrough_AllFields [629 ms]
  Error Message:
   Assert.Equal() Failure: Strings differ
           ↓ (pos 0)
Expected: "AD"
Actual:   "C"
           ↑ (pos 0)
  Stack Trace:
     at Andy.TUI.Declarative.Tests.Integration.TabNavigationTest.TabNavigation_ShouldCycleThrough_AllFields() in /Users/samibengrine/Devel/rivoli-ai/andy-tui/tests/Andy.TUI.Declarative.Tests/Integration/TabNavigationTest.cs:line 133
   at System.RuntimeMethodHandle.InvokeMethod(Object target, Void** arguments, Signature sig, Boolean isConstructor)
   at System.Reflection.MethodBaseInvoker.InvokeWithNoArgs(Object obj, BindingFlags invokeAttr)
[xUnit.net 00:00:01.95]     Andy.TUI.Declarative.Tests.Integration.TwoTextFieldsInputTest.TwoTextFields_TypeWithBackspace_ShouldCorrectText [FAIL]
[xUnit.net 00:00:02.43]     Andy.TUI.Declarative.Tests.Integration.TabNavigationTest.ShiftTab_ShouldNavigateBackward [FAIL]
  Failed Andy.TUI.Declarative.Tests.Integration.TwoTextFieldsInputTest.TwoTextFields_TypeWithBackspace_ShouldCorrectText [464 ms]
  Error Message:
   Assert.Equal() Failure: Strings differ
           ↓ (pos 0)
Expected: "user"
Actual:   "test@ex.co"
           ↑ (pos 0)
  Stack Trace:
     at Andy.TUI.Declarative.Tests.Integration.TwoTextFieldsInputTest.TwoTextFields_TypeWithBackspace_ShouldCorrectText() in /Users/samibengrine/Devel/rivoli-ai/andy-tui/tests/Andy.TUI.Declarative.Tests/Integration/TwoTextFieldsInputTest.cs:line 208
   at System.RuntimeMethodHandle.InvokeMethod(Object target, Void** arguments, Signature sig, Boolean isConstructor)
   at System.Reflection.MethodBaseInvoker.InvokeWithNoArgs(Object obj, BindingFlags invokeAttr)
  Standard Output Messages:
 === Focus first field ===
 === Type 'userr' (with typo) ===
 Username before backspace: ''
 === Press backspace to correct ===
 Username after backspace: ''
 === TAB to email field ===
 === Type email ===
 Final username: 'test@ex.co'
 Final email: 'user'


  Failed Andy.TUI.Declarative.Tests.Integration.TabNavigationTest.ShiftTab_ShouldNavigateBackward [616 ms]
  Error Message:
   Assert.Equal() Failure: Strings differ
           ↓ (pos 0)
Expected: "1"
Actual:   "3"
           ↑ (pos 0)
  Stack Trace:
     at Andy.TUI.Declarative.Tests.Integration.TabNavigationTest.ShiftTab_ShouldNavigateBackward() in /Users/samibengrine/Devel/rivoli-ai/andy-tui/tests/Andy.TUI.Declarative.Tests/Integration/TabNavigationTest.cs:line 196
   at System.RuntimeMethodHandle.InvokeMethod(Object target, Void** arguments, Signature sig, Boolean isConstructor)
   at System.Reflection.MethodBaseInvoker.InvokeWithNoArgs(Object obj, BindingFlags invokeAttr)

Failed!  - Failed:    26, Passed:   423, Skipped:     1, Total:   450, Duration: 3 s - Andy.TUI.Declarative.Tests.dll (net8.0)

Passed!  - Failed:     0, Passed:   201, Skipped:     2, Total:   203, Duration: 3 s - Andy.TUI.Terminal.Tests.dll (net8.0)
